Archive member included because of file (symbol)

/Users/g/Dropbox/test/xpresso/lpc800_driver_lib/Debug/liblpc800_driver_lib.a(lpc8xx_clkconfig.o)
                              ./src/main.o (CLKOUT_Setup)
/Users/g/Dropbox/test/xpresso/lpc800_driver_lib/Debug/liblpc800_driver_lib.a(lpc8xx_gpio.o)
                              ./src/main.o (GPIOSetBitValue)
/Users/g/Dropbox/test/xpresso/lpc800_driver_lib/Debug/liblpc800_driver_lib.a(lpc8xx_mrt.o)
                              ./src/main.o (init_mrt)
/Users/g/Dropbox/test/xpresso/CMSIS_CORE_LPC8xx/Debug/libCMSIS_CORE_LPC8xx.a(system_LPC8xx.o)
                              ./src/main.o (SystemCoreClockUpdate)
/Applications/lpcxpresso_7.2.0_153/lpcxpresso/tools/bin/../lib/gcc/arm-none-eabi/4.8.3/../../../../arm-none-eabi/lib/armv6-m/libcr_c.a(__weak__main.o)
                              ./src/cr_startup_lpc8xx.o (__main)
/Applications/lpcxpresso_7.2.0_153/lpcxpresso/tools/bin/../lib/gcc/arm-none-eabi/4.8.3/armv6-m/libcr_eabihelpers.a(division_32.o)
                              /Users/g/Dropbox/test/xpresso/CMSIS_CORE_LPC8xx/Debug/libCMSIS_CORE_LPC8xx.a(system_LPC8xx.o) (__aeabi_uidiv)
/Applications/lpcxpresso_7.2.0_153/lpcxpresso/tools/bin/../lib/gcc/arm-none-eabi/4.8.3/armv6-m/libcr_eabihelpers.a(division_idiv0.o)
                              /Applications/lpcxpresso_7.2.0_153/lpcxpresso/tools/bin/../lib/gcc/arm-none-eabi/4.8.3/armv6-m/libcr_eabihelpers.a(division_32.o) (__aeabi_idiv0)

Discarded input sections

 .group         0x0000000000000000        0x8 ./src/cr_startup_lpc8xx.o
 .group         0x0000000000000000        0x8 ./src/cr_startup_lpc8xx.o
 .group         0x0000000000000000        0x8 ./src/cr_startup_lpc8xx.o
 .group         0x0000000000000000        0x8 ./src/cr_startup_lpc8xx.o
 .group         0x0000000000000000        0x8 ./src/cr_startup_lpc8xx.o
 .group         0x0000000000000000        0x8 ./src/cr_startup_lpc8xx.o
 .group         0x0000000000000000        0x8 ./src/cr_startup_lpc8xx.o
 .group         0x0000000000000000        0x8 ./src/cr_startup_lpc8xx.o
 .group         0x0000000000000000        0x8 ./src/cr_startup_lpc8xx.o
 .text          0x0000000000000000        0x0 ./src/cr_startup_lpc8xx.o
 .data          0x0000000000000000        0x0 ./src/cr_startup_lpc8xx.o
 .bss           0x0000000000000000        0x0 ./src/cr_startup_lpc8xx.o
 .group         0x0000000000000000        0x8 ./src/crp.o
 .group         0x0000000000000000        0x8 ./src/crp.o
 .text          0x0000000000000000        0x0 ./src/crp.o
 .data          0x0000000000000000        0x0 ./src/crp.o
 .bss           0x0000000000000000        0x0 ./src/crp.o
 .group         0x0000000000000000        0x8 ./src/main.o
 .group         0x0000000000000000        0x8 ./src/main.o
 .group         0x0000000000000000        0x8 ./src/main.o
 .group         0x0000000000000000        0x8 ./src/main.o
 .group         0x0000000000000000        0x8 ./src/main.o
 .group         0x0000000000000000        0x8 ./src/main.o
 .group         0x0000000000000000        0x8 ./src/main.o
 .group         0x0000000000000000        0x8 ./src/main.o
 .group         0x0000000000000000        0x8 ./src/main.o
 .group         0x0000000000000000        0x8 ./src/main.o
 .group         0x0000000000000000        0x8 ./src/main.o
 .group         0x0000000000000000        0x8 ./src/main.o
 .text          0x0000000000000000        0x0 ./src/main.o
 .data          0x0000000000000000        0x0 ./src/main.o
 .bss           0x0000000000000000        0x0 ./src/main.o
 .debug_macro   0x0000000000000000      0x820 ./src/main.o
 .debug_macro   0x0000000000000000       0x1c ./src/main.o
 .debug_macro   0x0000000000000000       0x3a ./src/main.o
 .debug_macro   0x0000000000000000       0x10 ./src/main.o
 .debug_macro   0x0000000000000000      0x122 ./src/main.o
 .debug_macro   0x0000000000000000      0x5b9 ./src/main.o
 .debug_macro   0x0000000000000000       0x1f ./src/main.o
 .debug_macro   0x0000000000000000      0x242 ./src/main.o
 .debug_macro   0x0000000000000000      0x146 ./src/main.o
 .group         0x0000000000000000        0x8 /Users/g/Dropbox/test/xpresso/lpc800_driver_lib/Debug/liblpc800_driver_lib.a(lpc8xx_clkconfig.o)
 .group         0x0000000000000000        0x8 /Users/g/Dropbox/test/xpresso/lpc800_driver_lib/Debug/liblpc800_driver_lib.a(lpc8xx_clkconfig.o)
 .group         0x0000000000000000        0x8 /Users/g/Dropbox/test/xpresso/lpc800_driver_lib/Debug/liblpc800_driver_lib.a(lpc8xx_clkconfig.o)
 .group         0x0000000000000000        0x8 /Users/g/Dropbox/test/xpresso/lpc800_driver_lib/Debug/liblpc800_driver_lib.a(lpc8xx_clkconfig.o)
 .group         0x0000000000000000        0x8 /Users/g/Dropbox/test/xpresso/lpc800_driver_lib/Debug/liblpc800_driver_lib.a(lpc8xx_clkconfig.o)
 .group         0x0000000000000000        0x8 /Users/g/Dropbox/test/xpresso/lpc800_driver_lib/Debug/liblpc800_driver_lib.a(lpc8xx_clkconfig.o)
 .group         0x0000000000000000        0x8 /Users/g/Dropbox/test/xpresso/lpc800_driver_lib/Debug/liblpc800_driver_lib.a(lpc8xx_clkconfig.o)
 .group         0x0000000000000000        0x8 /Users/g/Dropbox/test/xpresso/lpc800_driver_lib/Debug/liblpc800_driver_lib.a(lpc8xx_clkconfig.o)
 .group         0x0000000000000000        0x8 /Users/g/Dropbox/test/xpresso/lpc800_driver_lib/Debug/liblpc800_driver_lib.a(lpc8xx_clkconfig.o)
 .group         0x0000000000000000        0x8 /Users/g/Dropbox/test/xpresso/lpc800_driver_lib/Debug/liblpc800_driver_lib.a(lpc8xx_clkconfig.o)
 .text          0x0000000000000000        0x0 /Users/g/Dropbox/test/xpresso/lpc800_driver_lib/Debug/liblpc800_driver_lib.a(lpc8xx_clkconfig.o)
 .data          0x0000000000000000        0x0 /Users/g/Dropbox/test/xpresso/lpc800_driver_lib/Debug/liblpc800_driver_lib.a(lpc8xx_clkconfig.o)
 .bss           0x0000000000000000        0x0 /Users/g/Dropbox/test/xpresso/lpc800_driver_lib/Debug/liblpc800_driver_lib.a(lpc8xx_clkconfig.o)
 .text.WDT_CLK_Setup
                0x0000000000000000       0x24 /Users/g/Dropbox/test/xpresso/lpc800_driver_lib/Debug/liblpc800_driver_lib.a(lpc8xx_clkconfig.o)
 .debug_macro   0x0000000000000000      0x820 /Users/g/Dropbox/test/xpresso/lpc800_driver_lib/Debug/liblpc800_driver_lib.a(lpc8xx_clkconfig.o)
 .debug_macro   0x0000000000000000       0x1c /Users/g/Dropbox/test/xpresso/lpc800_driver_lib/Debug/liblpc800_driver_lib.a(lpc8xx_clkconfig.o)
 .debug_macro   0x0000000000000000       0x3a /Users/g/Dropbox/test/xpresso/lpc800_driver_lib/Debug/liblpc800_driver_lib.a(lpc8xx_clkconfig.o)
 .debug_macro   0x0000000000000000       0x10 /Users/g/Dropbox/test/xpresso/lpc800_driver_lib/Debug/liblpc800_driver_lib.a(lpc8xx_clkconfig.o)
 .debug_macro   0x0000000000000000      0x122 /Users/g/Dropbox/test/xpresso/lpc800_driver_lib/Debug/liblpc800_driver_lib.a(lpc8xx_clkconfig.o)
 .debug_macro   0x0000000000000000      0x5b9 /Users/g/Dropbox/test/xpresso/lpc800_driver_lib/Debug/liblpc800_driver_lib.a(lpc8xx_clkconfig.o)
 .debug_macro   0x0000000000000000       0x1f /Users/g/Dropbox/test/xpresso/lpc800_driver_lib/Debug/liblpc800_driver_lib.a(lpc8xx_clkconfig.o)
 .debug_macro   0x0000000000000000      0x242 /Users/g/Dropbox/test/xpresso/lpc800_driver_lib/Debug/liblpc800_driver_lib.a(lpc8xx_clkconfig.o)
 .debug_macro   0x0000000000000000      0x146 /Users/g/Dropbox/test/xpresso/lpc800_driver_lib/Debug/liblpc800_driver_lib.a(lpc8xx_clkconfig.o)
 .debug_macro   0x0000000000000000       0x22 /Users/g/Dropbox/test/xpresso/lpc800_driver_lib/Debug/liblpc800_driver_lib.a(lpc8xx_clkconfig.o)
 .group         0x0000000000000000        0x8 /Users/g/Dropbox/test/xpresso/lpc800_driver_lib/Debug/liblpc800_driver_lib.a(lpc8xx_gpio.o)
 .group         0x0000000000000000        0x8 /Users/g/Dropbox/test/xpresso/lpc800_driver_lib/Debug/liblpc800_driver_lib.a(lpc8xx_gpio.o)
 .group         0x0000000000000000        0x8 /Users/g/Dropbox/test/xpresso/lpc800_driver_lib/Debug/liblpc800_driver_lib.a(lpc8xx_gpio.o)
 .group         0x0000000000000000        0x8 /Users/g/Dropbox/test/xpresso/lpc800_driver_lib/Debug/liblpc800_driver_lib.a(lpc8xx_gpio.o)
 .group         0x0000000000000000        0x8 /Users/g/Dropbox/test/xpresso/lpc800_driver_lib/Debug/liblpc800_driver_lib.a(lpc8xx_gpio.o)
 .group         0x0000000000000000        0x8 /Users/g/Dropbox/test/xpresso/lpc800_driver_lib/Debug/liblpc800_driver_lib.a(lpc8xx_gpio.o)
 .group         0x0000000000000000        0x8 /Users/g/Dropbox/test/xpresso/lpc800_driver_lib/Debug/liblpc800_driver_lib.a(lpc8xx_gpio.o)
 .group         0x0000000000000000        0x8 /Users/g/Dropbox/test/xpresso/lpc800_driver_lib/Debug/liblpc800_driver_lib.a(lpc8xx_gpio.o)
 .group         0x0000000000000000        0x8 /Users/g/Dropbox/test/xpresso/lpc800_driver_lib/Debug/liblpc800_driver_lib.a(lpc8xx_gpio.o)
 .group         0x0000000000000000        0x8 /Users/g/Dropbox/test/xpresso/lpc800_driver_lib/Debug/liblpc800_driver_lib.a(lpc8xx_gpio.o)
 .group         0x0000000000000000        0x8 /Users/g/Dropbox/test/xpresso/lpc800_driver_lib/Debug/liblpc800_driver_lib.a(lpc8xx_gpio.o)
 .text          0x0000000000000000        0x0 /Users/g/Dropbox/test/xpresso/lpc800_driver_lib/Debug/liblpc800_driver_lib.a(lpc8xx_gpio.o)
 .data          0x0000000000000000        0x0 /Users/g/Dropbox/test/xpresso/lpc800_driver_lib/Debug/liblpc800_driver_lib.a(lpc8xx_gpio.o)
 .bss           0x0000000000000000        0x0 /Users/g/Dropbox/test/xpresso/lpc800_driver_lib/Debug/liblpc800_driver_lib.a(lpc8xx_gpio.o)
 .text.PIN3_IRQHandler
                0x0000000000000000        0xc /Users/g/Dropbox/test/xpresso/lpc800_driver_lib/Debug/liblpc800_driver_lib.a(lpc8xx_gpio.o)
 .text.GPIOInit
                0x0000000000000000       0x28 /Users/g/Dropbox/test/xpresso/lpc800_driver_lib/Debug/liblpc800_driver_lib.a(lpc8xx_gpio.o)
 .text.GPIOSetPinInterrupt
                0x0000000000000000       0x84 /Users/g/Dropbox/test/xpresso/lpc800_driver_lib/Debug/liblpc800_driver_lib.a(lpc8xx_gpio.o)
 .text.GPIOPinIntEnable
                0x0000000000000000       0x34 /Users/g/Dropbox/test/xpresso/lpc800_driver_lib/Debug/liblpc800_driver_lib.a(lpc8xx_gpio.o)
 .text.GPIOPinIntDisable
                0x0000000000000000       0x34 /Users/g/Dropbox/test/xpresso/lpc800_driver_lib/Debug/liblpc800_driver_lib.a(lpc8xx_gpio.o)
 .text.GPIOPinIntStatus
                0x0000000000000000       0x18 /Users/g/Dropbox/test/xpresso/lpc800_driver_lib/Debug/liblpc800_driver_lib.a(lpc8xx_gpio.o)
 .text.GPIOPinIntClear
                0x0000000000000000       0x18 /Users/g/Dropbox/test/xpresso/lpc800_driver_lib/Debug/liblpc800_driver_lib.a(lpc8xx_gpio.o)
 .text.GPIOGetPinValue
                0x0000000000000000       0x2c /Users/g/Dropbox/test/xpresso/lpc800_driver_lib/Debug/liblpc800_driver_lib.a(lpc8xx_gpio.o)
 .text.GPIOPatternMatchInit
                0x0000000000000000       0x10 /Users/g/Dropbox/test/xpresso/lpc800_driver_lib/Debug/liblpc800_driver_lib.a(lpc8xx_gpio.o)
 .text.GPIOSetPatternMatchInput
                0x0000000000000000       0x10 /Users/g/Dropbox/test/xpresso/lpc800_driver_lib/Debug/liblpc800_driver_lib.a(lpc8xx_gpio.o)
 .text.GPIOSetPatternMatchSlice
                0x0000000000000000       0x5c /Users/g/Dropbox/test/xpresso/lpc800_driver_lib/Debug/liblpc800_driver_lib.a(lpc8xx_gpio.o)
 .text.GPIOPatternMatchEnable
                0x0000000000000000       0x2c /Users/g/Dropbox/test/xpresso/lpc800_driver_lib/Debug/liblpc800_driver_lib.a(lpc8xx_gpio.o)
 .bss.gint1_counter
                0x0000000000000000        0x4 /Users/g/Dropbox/test/xpresso/lpc800_driver_lib/Debug/liblpc800_driver_lib.a(lpc8xx_gpio.o)
 .bss.gint0_counter
                0x0000000000000000        0x4 /Users/g/Dropbox/test/xpresso/lpc800_driver_lib/Debug/liblpc800_driver_lib.a(lpc8xx_gpio.o)
 .bss.gint0_edge_counter
                0x0000000000000000        0x4 /Users/g/Dropbox/test/xpresso/lpc800_driver_lib/Debug/liblpc800_driver_lib.a(lpc8xx_gpio.o)
 .bss.gint0_level_counter
                0x0000000000000000        0x4 /Users/g/Dropbox/test/xpresso/lpc800_driver_lib/Debug/liblpc800_driver_lib.a(lpc8xx_gpio.o)
 .bss.gint1_level_counter
                0x0000000000000000        0x4 /Users/g/Dropbox/test/xpresso/lpc800_driver_lib/Debug/liblpc800_driver_lib.a(lpc8xx_gpio.o)
 .bss.gint1_edge_counter
                0x0000000000000000        0x4 /Users/g/Dropbox/test/xpresso/lpc800_driver_lib/Debug/liblpc800_driver_lib.a(lpc8xx_gpio.o)
 .debug_macro   0x0000000000000000      0x820 /Users/g/Dropbox/test/xpresso/lpc800_driver_lib/Debug/liblpc800_driver_lib.a(lpc8xx_gpio.o)
 .debug_macro   0x0000000000000000       0x1c /Users/g/Dropbox/test/xpresso/lpc800_driver_lib/Debug/liblpc800_driver_lib.a(lpc8xx_gpio.o)
 .debug_macro   0x0000000000000000       0x3a /Users/g/Dropbox/test/xpresso/lpc800_driver_lib/Debug/liblpc800_driver_lib.a(lpc8xx_gpio.o)
 .debug_macro   0x0000000000000000       0x10 /Users/g/Dropbox/test/xpresso/lpc800_driver_lib/Debug/liblpc800_driver_lib.a(lpc8xx_gpio.o)
 .debug_macro   0x0000000000000000      0x122 /Users/g/Dropbox/test/xpresso/lpc800_driver_lib/Debug/liblpc800_driver_lib.a(lpc8xx_gpio.o)
 .debug_macro   0x0000000000000000      0x5b9 /Users/g/Dropbox/test/xpresso/lpc800_driver_lib/Debug/liblpc800_driver_lib.a(lpc8xx_gpio.o)
 .debug_macro   0x0000000000000000       0x1f /Users/g/Dropbox/test/xpresso/lpc800_driver_lib/Debug/liblpc800_driver_lib.a(lpc8xx_gpio.o)
 .debug_macro   0x0000000000000000      0x242 /Users/g/Dropbox/test/xpresso/lpc800_driver_lib/Debug/liblpc800_driver_lib.a(lpc8xx_gpio.o)
 .debug_macro   0x0000000000000000      0x146 /Users/g/Dropbox/test/xpresso/lpc800_driver_lib/Debug/liblpc800_driver_lib.a(lpc8xx_gpio.o)
 .debug_macro   0x0000000000000000      0x112 /Users/g/Dropbox/test/xpresso/lpc800_driver_lib/Debug/liblpc800_driver_lib.a(lpc8xx_gpio.o)
 .group         0x0000000000000000        0x8 /Users/g/Dropbox/test/xpresso/lpc800_driver_lib/Debug/liblpc800_driver_lib.a(lpc8xx_mrt.o)
 .group         0x0000000000000000        0x8 /Users/g/Dropbox/test/xpresso/lpc800_driver_lib/Debug/liblpc800_driver_lib.a(lpc8xx_mrt.o)
 .group         0x0000000000000000        0x8 /Users/g/Dropbox/test/xpresso/lpc800_driver_lib/Debug/liblpc800_driver_lib.a(lpc8xx_mrt.o)
 .group         0x0000000000000000        0x8 /Users/g/Dropbox/test/xpresso/lpc800_driver_lib/Debug/liblpc800_driver_lib.a(lpc8xx_mrt.o)
 .group         0x0000000000000000        0x8 /Users/g/Dropbox/test/xpresso/lpc800_driver_lib/Debug/liblpc800_driver_lib.a(lpc8xx_mrt.o)
 .group         0x0000000000000000        0x8 /Users/g/Dropbox/test/xpresso/lpc800_driver_lib/Debug/liblpc800_driver_lib.a(lpc8xx_mrt.o)
 .group         0x0000000000000000        0x8 /Users/g/Dropbox/test/xpresso/lpc800_driver_lib/Debug/liblpc800_driver_lib.a(lpc8xx_mrt.o)
 .group         0x0000000000000000        0x8 /Users/g/Dropbox/test/xpresso/lpc800_driver_lib/Debug/liblpc800_driver_lib.a(lpc8xx_mrt.o)
 .group         0x0000000000000000        0x8 /Users/g/Dropbox/test/xpresso/lpc800_driver_lib/Debug/liblpc800_driver_lib.a(lpc8xx_mrt.o)
 .group         0x0000000000000000        0x8 /Users/g/Dropbox/test/xpresso/lpc800_driver_lib/Debug/liblpc800_driver_lib.a(lpc8xx_mrt.o)
 .group         0x0000000000000000        0x8 /Users/g/Dropbox/test/xpresso/lpc800_driver_lib/Debug/liblpc800_driver_lib.a(lpc8xx_mrt.o)
 .text          0x0000000000000000        0x0 /Users/g/Dropbox/test/xpresso/lpc800_driver_lib/Debug/liblpc800_driver_lib.a(lpc8xx_mrt.o)
 .data          0x0000000000000000        0x0 /Users/g/Dropbox/test/xpresso/lpc800_driver_lib/Debug/liblpc800_driver_lib.a(lpc8xx_mrt.o)
 .bss           0x0000000000000000        0x0 /Users/g/Dropbox/test/xpresso/lpc800_driver_lib/Debug/liblpc800_driver_lib.a(lpc8xx_mrt.o)
 .text.delayMs  0x0000000000000000       0x1c /Users/g/Dropbox/test/xpresso/lpc800_driver_lib/Debug/liblpc800_driver_lib.a(lpc8xx_mrt.o)
 .debug_macro   0x0000000000000000      0x820 /Users/g/Dropbox/test/xpresso/lpc800_driver_lib/Debug/liblpc800_driver_lib.a(lpc8xx_mrt.o)
 .debug_macro   0x0000000000000000       0x1c /Users/g/Dropbox/test/xpresso/lpc800_driver_lib/Debug/liblpc800_driver_lib.a(lpc8xx_mrt.o)
 .debug_macro   0x0000000000000000       0x3a /Users/g/Dropbox/test/xpresso/lpc800_driver_lib/Debug/liblpc800_driver_lib.a(lpc8xx_mrt.o)
 .debug_macro   0x0000000000000000       0x10 /Users/g/Dropbox/test/xpresso/lpc800_driver_lib/Debug/liblpc800_driver_lib.a(lpc8xx_mrt.o)
 .debug_macro   0x0000000000000000      0x122 /Users/g/Dropbox/test/xpresso/lpc800_driver_lib/Debug/liblpc800_driver_lib.a(lpc8xx_mrt.o)
 .debug_macro   0x0000000000000000      0x5b9 /Users/g/Dropbox/test/xpresso/lpc800_driver_lib/Debug/liblpc800_driver_lib.a(lpc8xx_mrt.o)
 .debug_macro   0x0000000000000000       0x1f /Users/g/Dropbox/test/xpresso/lpc800_driver_lib/Debug/liblpc800_driver_lib.a(lpc8xx_mrt.o)
 .debug_macro   0x0000000000000000      0x242 /Users/g/Dropbox/test/xpresso/lpc800_driver_lib/Debug/liblpc800_driver_lib.a(lpc8xx_mrt.o)
 .debug_macro   0x0000000000000000      0x146 /Users/g/Dropbox/test/xpresso/lpc800_driver_lib/Debug/liblpc800_driver_lib.a(lpc8xx_mrt.o)
 .debug_macro   0x0000000000000000       0x16 /Users/g/Dropbox/test/xpresso/lpc800_driver_lib/Debug/liblpc800_driver_lib.a(lpc8xx_mrt.o)
 .debug_macro   0x0000000000000000       0x2e /Users/g/Dropbox/test/xpresso/lpc800_driver_lib/Debug/liblpc800_driver_lib.a(lpc8xx_mrt.o)
 .group         0x0000000000000000        0x8 /Users/g/Dropbox/test/xpresso/CMSIS_CORE_LPC8xx/Debug/libCMSIS_CORE_LPC8xx.a(system_LPC8xx.o)
 .group         0x0000000000000000        0x8 /Users/g/Dropbox/test/xpresso/CMSIS_CORE_LPC8xx/Debug/libCMSIS_CORE_LPC8xx.a(system_LPC8xx.o)
 .group         0x0000000000000000        0x8 /Users/g/Dropbox/test/xpresso/CMSIS_CORE_LPC8xx/Debug/libCMSIS_CORE_LPC8xx.a(system_LPC8xx.o)
 .group         0x0000000000000000        0x8 /Users/g/Dropbox/test/xpresso/CMSIS_CORE_LPC8xx/Debug/libCMSIS_CORE_LPC8xx.a(system_LPC8xx.o)
 .group         0x0000000000000000        0x8 /Users/g/Dropbox/test/xpresso/CMSIS_CORE_LPC8xx/Debug/libCMSIS_CORE_LPC8xx.a(system_LPC8xx.o)
 .group         0x0000000000000000        0x8 /Users/g/Dropbox/test/xpresso/CMSIS_CORE_LPC8xx/Debug/libCMSIS_CORE_LPC8xx.a(system_LPC8xx.o)
 .group         0x0000000000000000        0x8 /Users/g/Dropbox/test/xpresso/CMSIS_CORE_LPC8xx/Debug/libCMSIS_CORE_LPC8xx.a(system_LPC8xx.o)
 .group         0x0000000000000000        0x8 /Users/g/Dropbox/test/xpresso/CMSIS_CORE_LPC8xx/Debug/libCMSIS_CORE_LPC8xx.a(system_LPC8xx.o)
 .group         0x0000000000000000        0x8 /Users/g/Dropbox/test/xpresso/CMSIS_CORE_LPC8xx/Debug/libCMSIS_CORE_LPC8xx.a(system_LPC8xx.o)
 .text          0x0000000000000000        0x0 /Users/g/Dropbox/test/xpresso/CMSIS_CORE_LPC8xx/Debug/libCMSIS_CORE_LPC8xx.a(system_LPC8xx.o)
 .data          0x0000000000000000        0x0 /Users/g/Dropbox/test/xpresso/CMSIS_CORE_LPC8xx/Debug/libCMSIS_CORE_LPC8xx.a(system_LPC8xx.o)
 .bss           0x0000000000000000        0x0 /Users/g/Dropbox/test/xpresso/CMSIS_CORE_LPC8xx/Debug/libCMSIS_CORE_LPC8xx.a(system_LPC8xx.o)
 .debug_macro   0x0000000000000000       0x10 /Users/g/Dropbox/test/xpresso/CMSIS_CORE_LPC8xx/Debug/libCMSIS_CORE_LPC8xx.a(system_LPC8xx.o)
 .debug_macro   0x0000000000000000      0x122 /Users/g/Dropbox/test/xpresso/CMSIS_CORE_LPC8xx/Debug/libCMSIS_CORE_LPC8xx.a(system_LPC8xx.o)
 .debug_macro   0x0000000000000000      0x5b9 /Users/g/Dropbox/test/xpresso/CMSIS_CORE_LPC8xx/Debug/libCMSIS_CORE_LPC8xx.a(system_LPC8xx.o)
 .debug_macro   0x0000000000000000       0x1c /Users/g/Dropbox/test/xpresso/CMSIS_CORE_LPC8xx/Debug/libCMSIS_CORE_LPC8xx.a(system_LPC8xx.o)
 .debug_macro   0x0000000000000000       0x3a /Users/g/Dropbox/test/xpresso/CMSIS_CORE_LPC8xx/Debug/libCMSIS_CORE_LPC8xx.a(system_LPC8xx.o)
 .debug_macro   0x0000000000000000       0x1f /Users/g/Dropbox/test/xpresso/CMSIS_CORE_LPC8xx/Debug/libCMSIS_CORE_LPC8xx.a(system_LPC8xx.o)
 .debug_macro   0x0000000000000000      0x242 /Users/g/Dropbox/test/xpresso/CMSIS_CORE_LPC8xx/Debug/libCMSIS_CORE_LPC8xx.a(system_LPC8xx.o)
 .debug_macro   0x0000000000000000      0x146 /Users/g/Dropbox/test/xpresso/CMSIS_CORE_LPC8xx/Debug/libCMSIS_CORE_LPC8xx.a(system_LPC8xx.o)
 .text          0x0000000000000000        0x0 /Applications/lpcxpresso_7.2.0_153/lpcxpresso/tools/bin/../lib/gcc/arm-none-eabi/4.8.3/../../../../arm-none-eabi/lib/armv6-m/libcr_c.a(__weak__main.o)
 .data          0x0000000000000000        0x0 /Applications/lpcxpresso_7.2.0_153/lpcxpresso/tools/bin/../lib/gcc/arm-none-eabi/4.8.3/../../../../arm-none-eabi/lib/armv6-m/libcr_c.a(__weak__main.o)
 .bss           0x0000000000000000        0x0 /Applications/lpcxpresso_7.2.0_153/lpcxpresso/tools/bin/../lib/gcc/arm-none-eabi/4.8.3/../../../../arm-none-eabi/lib/armv6-m/libcr_c.a(__weak__main.o)
 .text          0x0000000000000000        0x0 /Applications/lpcxpresso_7.2.0_153/lpcxpresso/tools/bin/../lib/gcc/arm-none-eabi/4.8.3/armv6-m/libcr_eabihelpers.a(division_32.o)
 .data          0x0000000000000000        0x0 /Applications/lpcxpresso_7.2.0_153/lpcxpresso/tools/bin/../lib/gcc/arm-none-eabi/4.8.3/armv6-m/libcr_eabihelpers.a(division_32.o)
 .bss           0x0000000000000000        0x0 /Applications/lpcxpresso_7.2.0_153/lpcxpresso/tools/bin/../lib/gcc/arm-none-eabi/4.8.3/armv6-m/libcr_eabihelpers.a(division_32.o)
 .text          0x0000000000000000        0x0 /Applications/lpcxpresso_7.2.0_153/lpcxpresso/tools/bin/../lib/gcc/arm-none-eabi/4.8.3/armv6-m/libcr_eabihelpers.a(division_idiv0.o)
 .data          0x0000000000000000        0x0 /Applications/lpcxpresso_7.2.0_153/lpcxpresso/tools/bin/../lib/gcc/arm-none-eabi/4.8.3/armv6-m/libcr_eabihelpers.a(division_idiv0.o)
 .bss           0x0000000000000000        0x0 /Applications/lpcxpresso_7.2.0_153/lpcxpresso/tools/bin/../lib/gcc/arm-none-eabi/4.8.3/armv6-m/libcr_eabihelpers.a(division_idiv0.o)

Memory Configuration

Name             Origin             Length             Attributes
MFlash4          0x0000000000000000 0x0000000000001000 xr
RamLoc1          0x0000000010000000 0x0000000000000400 xrw
*default*        0x0000000000000000 0xffffffffffffffff

Linker script and memory map

LOAD ./src/cr_startup_lpc8xx.o
LOAD ./src/crp.o
LOAD ./src/main.o
LOAD /Users/g/Dropbox/test/xpresso/lpc800_driver_lib/Debug/liblpc800_driver_lib.a
LOAD /Users/g/Dropbox/test/xpresso/CMSIS_CORE_LPC8xx/Debug/libCMSIS_CORE_LPC8xx.a
START GROUP
LOAD /Applications/lpcxpresso_7.2.0_153/lpcxpresso/tools/bin/../lib/gcc/arm-none-eabi/4.8.3/../../../../arm-none-eabi/lib/armv6-m/libcr_c.a
LOAD /Applications/lpcxpresso_7.2.0_153/lpcxpresso/tools/bin/../lib/gcc/arm-none-eabi/4.8.3/armv6-m/libcr_eabihelpers.a
END GROUP
                0x0000000000001000                __top_MFlash4 = 0x1000
                0x0000000010000400                __top_RamLoc1 = 0x10000400

.text           0x0000000000000000      0x778
 FILL mask 0xff
                0x0000000000000000                __vectors_start__ = ABSOLUTE (.)
 *(.isr_vector)
 .isr_vector    0x0000000000000000       0xc0 ./src/cr_startup_lpc8xx.o
                0x0000000000000000                g_pfnVectors
                0x00000000000000c0                . = ALIGN (0x4)
                0x00000000000000c0                __section_table_start = .
                0x00000000000000c0                __data_section_table = .
                0x00000000000000c0        0x4 LONG 0x778 LOADADDR (.data)
                0x00000000000000c4        0x4 LONG 0x10000000 ADDR (.data)
                0x00000000000000c8        0x4 LONG 0x4 SIZEOF (.data)
                0x00000000000000cc                __data_section_table_end = .
                0x00000000000000cc                __bss_section_table = .
                0x00000000000000cc        0x4 LONG 0x10000004 ADDR (.bss)
                0x00000000000000d0        0x4 LONG 0x84 SIZEOF (.bss)
                0x00000000000000d4                __bss_section_table_end = .
                0x00000000000000d4                __section_table_end = .
 *(.after_vectors*)
 .after_vectors
                0x00000000000000d4       0x74 ./src/cr_startup_lpc8xx.o
                0x00000000000000d4                NMI_Handler
                0x00000000000000d6                HardFault_Handler
                0x00000000000000d8                PendSV_Handler
                0x00000000000000da                SysTick_Handler
                0x00000000000000dc                UART1_IRQHandler
                0x00000000000000dc                UART0_IRQHandler
                0x00000000000000dc                SPI1_IRQHandler
                0x00000000000000dc                IntDefaultHandler
                0x00000000000000dc                WDT_IRQHandler
                0x00000000000000dc                SPI0_IRQHandler
                0x00000000000000dc                CMP_IRQHandler
                0x00000000000000dc                WKT_IRQHandler
                0x00000000000000dc                SCT_IRQHandler
                0x00000000000000dc                I2C_IRQHandler
                0x00000000000000dc                PININT3_IRQHandler
                0x00000000000000dc                UART2_IRQHandler
                0x00000000000000dc                BOD_IRQHandler
                0x00000000000000de                data_init
                0x00000000000000f0                bss_init
                0x0000000000000100                ResetISR
                0x0000000000000144                SVCall_Handler
                0x00000000000002fc                . = 0x2fc
 *fill*         0x0000000000000148      0x1b4 ff
                0x00000000000002fc                PROVIDE (__CRP_WORD_START__, .)
 *(.crp)
 .crp           0x00000000000002fc        0x4 ./src/crp.o
                0x00000000000002fc                CRP_WORD
                0x0000000000000300                PROVIDE (__CRP_WORD_END__, .)
                0x0000000000000001                ASSERT (! ((__CRP_WORD_START__ == __CRP_WORD_END__)), Linker CRP Enabled, but no CRP_WORD provided within application)
 *(.text*)
 .text.main     0x0000000000000300       0x94 ./src/main.o
                0x0000000000000300                main
 .text.CLKOUT_Setup
                0x0000000000000394       0x28 /Users/g/Dropbox/test/xpresso/lpc800_driver_lib/Debug/liblpc800_driver_lib.a(lpc8xx_clkconfig.o)
                0x0000000000000394                CLKOUT_Setup
 .text.PININT_Handler
                0x00000000000003bc      0x100 /Users/g/Dropbox/test/xpresso/lpc800_driver_lib/Debug/liblpc800_driver_lib.a(lpc8xx_gpio.o)
                0x00000000000003bc                PININT_Handler
 .text.PININT0_IRQHandler
                0x00000000000004bc        0xc /Users/g/Dropbox/test/xpresso/lpc800_driver_lib/Debug/liblpc800_driver_lib.a(lpc8xx_gpio.o)
                0x00000000000004bc                PININT0_IRQHandler
 .text.PININT1_IRQHandler
                0x00000000000004c8        0xc /Users/g/Dropbox/test/xpresso/lpc800_driver_lib/Debug/liblpc800_driver_lib.a(lpc8xx_gpio.o)
                0x00000000000004c8                PININT1_IRQHandler
 .text.PININT2_IRQHandler
                0x00000000000004d4        0xc /Users/g/Dropbox/test/xpresso/lpc800_driver_lib/Debug/liblpc800_driver_lib.a(lpc8xx_gpio.o)
                0x00000000000004d4                PININT2_IRQHandler
 .text.PININT4_IRQHandler
                0x00000000000004e0        0xc /Users/g/Dropbox/test/xpresso/lpc800_driver_lib/Debug/liblpc800_driver_lib.a(lpc8xx_gpio.o)
                0x00000000000004e0                PININT4_IRQHandler
 .text.PININT5_IRQHandler
                0x00000000000004ec        0xc /Users/g/Dropbox/test/xpresso/lpc800_driver_lib/Debug/liblpc800_driver_lib.a(lpc8xx_gpio.o)
                0x00000000000004ec                PININT5_IRQHandler
 .text.PININT6_IRQHandler
                0x00000000000004f8        0xc /Users/g/Dropbox/test/xpresso/lpc800_driver_lib/Debug/liblpc800_driver_lib.a(lpc8xx_gpio.o)
                0x00000000000004f8                PININT6_IRQHandler
 .text.PININT7_IRQHandler
                0x0000000000000504        0xc /Users/g/Dropbox/test/xpresso/lpc800_driver_lib/Debug/liblpc800_driver_lib.a(lpc8xx_gpio.o)
                0x0000000000000504                PININT7_IRQHandler
 .text.GPIOSetBitValue
                0x0000000000000510       0x28 /Users/g/Dropbox/test/xpresso/lpc800_driver_lib/Debug/liblpc800_driver_lib.a(lpc8xx_gpio.o)
                0x0000000000000510                GPIOSetBitValue
 .text.GPIOSetDir
                0x0000000000000538       0x30 /Users/g/Dropbox/test/xpresso/lpc800_driver_lib/Debug/liblpc800_driver_lib.a(lpc8xx_gpio.o)
                0x0000000000000538                GPIOSetDir
 .text.MRT_IRQHandler
                0x0000000000000568       0x20 /Users/g/Dropbox/test/xpresso/lpc800_driver_lib/Debug/liblpc800_driver_lib.a(lpc8xx_mrt.o)
                0x0000000000000568                MRT_IRQHandler
 .text.init_mrt
                0x0000000000000588       0x4c /Users/g/Dropbox/test/xpresso/lpc800_driver_lib/Debug/liblpc800_driver_lib.a(lpc8xx_mrt.o)
                0x0000000000000588                init_mrt
 .text.SystemCoreClockUpdate
                0x00000000000005d4       0x84 /Users/g/Dropbox/test/xpresso/CMSIS_CORE_LPC8xx/Debug/libCMSIS_CORE_LPC8xx.a(system_LPC8xx.o)
                0x00000000000005d4                SystemCoreClockUpdate
 .text.SystemInit
                0x0000000000000658       0x40 /Users/g/Dropbox/test/xpresso/CMSIS_CORE_LPC8xx/Debug/libCMSIS_CORE_LPC8xx.a(system_LPC8xx.o)
                0x0000000000000658                SystemInit
 .text.__weak_main
                0x0000000000000698        0x8 /Applications/lpcxpresso_7.2.0_153/lpcxpresso/tools/bin/../lib/gcc/arm-none-eabi/4.8.3/../../../../arm-none-eabi/lib/armv6-m/libcr_c.a(__weak__main.o)
                0x0000000000000698                __main
                0x0000000000000698                __weak_main
 .text.__aeabi_division_idivmod
                0x00000000000006a0       0x78 /Applications/lpcxpresso_7.2.0_153/lpcxpresso/tools/bin/../lib/gcc/arm-none-eabi/4.8.3/armv6-m/libcr_eabihelpers.a(division_32.o)
                0x00000000000006a0                __aeabi_idiv
                0x00000000000006a0                __aeabi_idivmod
                0x00000000000006a6                __aeabi_uidiv
                0x00000000000006a6                __aeabi_uidivmod
 .text.__aeabi_division_idiv0
                0x0000000000000718        0x2 /Applications/lpcxpresso_7.2.0_153/lpcxpresso/tools/bin/../lib/gcc/arm-none-eabi/4.8.3/armv6-m/libcr_eabihelpers.a(division_idiv0.o)
                0x0000000000000718                __aeabi_idiv0
 *(.rodata .rodata.* .constdata .constdata.*)
 *fill*         0x000000000000071a        0x2 
 .rodata.PININT_Handler
                0x000000000000071c       0x20 /Users/g/Dropbox/test/xpresso/lpc800_driver_lib/Debug/liblpc800_driver_lib.a(lpc8xx_gpio.o)
 .rodata.CSWTCH.6
                0x000000000000073c       0x3c /Users/g/Dropbox/test/xpresso/CMSIS_CORE_LPC8xx/Debug/libCMSIS_CORE_LPC8xx.a(system_LPC8xx.o)
                0x0000000000000778                . = ALIGN (0x4)

.glue_7         0x0000000000000778        0x0
 .glue_7        0x0000000000000000        0x0 linker stubs

.glue_7t        0x0000000000000778        0x0
 .glue_7t       0x0000000000000000        0x0 linker stubs

.vfp11_veneer   0x0000000000000778        0x0
 .vfp11_veneer  0x0000000000000000        0x0 linker stubs

.v4_bx          0x0000000000000778        0x0
 .v4_bx         0x0000000000000000        0x0 linker stubs

.iplt           0x0000000000000778        0x0
 .iplt          0x0000000000000000        0x0 ./src/cr_startup_lpc8xx.o

.rel.dyn        0x0000000000000778        0x0
 .rel.iplt      0x0000000000000000        0x0 ./src/cr_startup_lpc8xx.o

.ARM.extab
 *(.ARM.extab* .gnu.linkonce.armextab.*)
                0x0000000000000778                __exidx_start = .

.ARM.exidx
 *(.ARM.exidx* .gnu.linkonce.armexidx.*)
                0x0000000000000778                __exidx_end = .
                0x0000000000000778                _etext = .

.mtb_buffer_default
 *(.mtb*)

.uninit_RESERVED
                0x0000000010000000        0x0
 *(.bss.$RESERVED*)
                0x0000000010000000                . = ALIGN (0x4)
                0x0000000010000000                _end_uninit_RESERVED = .

.data           0x0000000010000000        0x4 load address 0x0000000000000778
 FILL mask 0xff
                0x0000000010000000                _data = .
 *(vtable)
 *(.ramfunc*)
 *(.data*)
 .data.SystemCoreClock
                0x0000000010000000        0x4 /Users/g/Dropbox/test/xpresso/CMSIS_CORE_LPC8xx/Debug/libCMSIS_CORE_LPC8xx.a(system_LPC8xx.o)
                0x0000000010000000                SystemCoreClock
                0x0000000010000004                . = ALIGN (0x4)
                0x0000000010000004                _edata = .

.igot.plt       0x0000000010000004        0x0 load address 0x000000000000077c
 .igot.plt      0x0000000000000000        0x0 ./src/cr_startup_lpc8xx.o

.bss            0x0000000010000004       0x84 load address 0x000000000000077c
                0x0000000010000004                _bss = .
 *(.bss*)
 .bss.flex_int_falling_edge_counter
                0x0000000010000004       0x20 /Users/g/Dropbox/test/xpresso/lpc800_driver_lib/Debug/liblpc800_driver_lib.a(lpc8xx_gpio.o)
                0x0000000010000004                flex_int_falling_edge_counter
 .bss.flex_int_counter
                0x0000000010000024       0x20 /Users/g/Dropbox/test/xpresso/lpc800_driver_lib/Debug/liblpc800_driver_lib.a(lpc8xx_gpio.o)
                0x0000000010000024                flex_int_counter
 .bss.flex_int_rising_edge_counter
                0x0000000010000044       0x20 /Users/g/Dropbox/test/xpresso/lpc800_driver_lib/Debug/liblpc800_driver_lib.a(lpc8xx_gpio.o)
                0x0000000010000044                flex_int_rising_edge_counter
 .bss.flex_int_level_counter
                0x0000000010000064       0x20 /Users/g/Dropbox/test/xpresso/lpc800_driver_lib/Debug/liblpc800_driver_lib.a(lpc8xx_gpio.o)
                0x0000000010000064                flex_int_level_counter
 .bss.mrt_counter
                0x0000000010000084        0x4 /Users/g/Dropbox/test/xpresso/lpc800_driver_lib/Debug/liblpc800_driver_lib.a(lpc8xx_mrt.o)
                0x0000000010000084                mrt_counter
 *(COMMON)
                0x0000000010000088                . = ALIGN (0x4)
                0x0000000010000088                _ebss = .
                0x0000000010000088                PROVIDE (end, .)

.noinit         0x0000000010000088        0x0 load address 0x000000000000077c
                0x0000000010000088                _noinit = .
 *(.noinit*)
                0x0000000010000088                . = ALIGN (0x4)
                0x0000000010000088                _end_noinit = .
                0x0000000010000088                PROVIDE (_pvHeapStart, .)
                0x0000000010000400                PROVIDE (_vStackTop, (__top_RamLoc1 - 0x0))
OUTPUT(blinky_810.axf elf32-littlearm)

.debug_info     0x0000000000000000     0x2466
 .debug_info    0x0000000000000000      0x273 ./src/cr_startup_lpc8xx.o
 .debug_info    0x0000000000000273       0x3f ./src/crp.o
 .debug_info    0x00000000000002b2      0x5cf ./src/main.o
 .debug_info    0x0000000000000881      0x3f0 /Users/g/Dropbox/test/xpresso/lpc800_driver_lib/Debug/liblpc800_driver_lib.a(lpc8xx_clkconfig.o)
 .debug_info    0x0000000000000c71      0xd11 /Users/g/Dropbox/test/xpresso/lpc800_driver_lib/Debug/liblpc800_driver_lib.a(lpc8xx_gpio.o)
 .debug_info    0x0000000000001982      0x6cf /Users/g/Dropbox/test/xpresso/lpc800_driver_lib/Debug/liblpc800_driver_lib.a(lpc8xx_mrt.o)
 .debug_info    0x0000000000002051      0x415 /Users/g/Dropbox/test/xpresso/CMSIS_CORE_LPC8xx/Debug/libCMSIS_CORE_LPC8xx.a(system_LPC8xx.o)

.debug_abbrev   0x0000000000000000      0x812
 .debug_abbrev  0x0000000000000000       0xf3 ./src/cr_startup_lpc8xx.o
 .debug_abbrev  0x00000000000000f3       0x36 ./src/crp.o
 .debug_abbrev  0x0000000000000129      0x18e ./src/main.o
 .debug_abbrev  0x00000000000002b7       0xc4 /Users/g/Dropbox/test/xpresso/lpc800_driver_lib/Debug/liblpc800_driver_lib.a(lpc8xx_clkconfig.o)
 .debug_abbrev  0x000000000000037b      0x229 /Users/g/Dropbox/test/xpresso/lpc800_driver_lib/Debug/liblpc800_driver_lib.a(lpc8xx_gpio.o)
 .debug_abbrev  0x00000000000005a4      0x188 /Users/g/Dropbox/test/xpresso/lpc800_driver_lib/Debug/liblpc800_driver_lib.a(lpc8xx_mrt.o)
 .debug_abbrev  0x000000000000072c       0xe6 /Users/g/Dropbox/test/xpresso/CMSIS_CORE_LPC8xx/Debug/libCMSIS_CORE_LPC8xx.a(system_LPC8xx.o)

.debug_loc      0x0000000000000000      0x7b7
 .debug_loc     0x0000000000000000      0x1bb ./src/cr_startup_lpc8xx.o
 .debug_loc     0x00000000000001bb       0x13 ./src/main.o
 .debug_loc     0x00000000000001ce       0x21 /Users/g/Dropbox/test/xpresso/lpc800_driver_lib/Debug/liblpc800_driver_lib.a(lpc8xx_clkconfig.o)
 .debug_loc     0x00000000000001ef      0x528 /Users/g/Dropbox/test/xpresso/lpc800_driver_lib/Debug/liblpc800_driver_lib.a(lpc8xx_gpio.o)
 .debug_loc     0x0000000000000717       0x2d /Users/g/Dropbox/test/xpresso/lpc800_driver_lib/Debug/liblpc800_driver_lib.a(lpc8xx_mrt.o)
 .debug_loc     0x0000000000000744       0x73 /Users/g/Dropbox/test/xpresso/CMSIS_CORE_LPC8xx/Debug/libCMSIS_CORE_LPC8xx.a(system_LPC8xx.o)

.debug_aranges  0x0000000000000000      0x1e0
 .debug_aranges
                0x0000000000000000       0x60 ./src/cr_startup_lpc8xx.o
 .debug_aranges
                0x0000000000000060       0x18 ./src/crp.o
 .debug_aranges
                0x0000000000000078       0x20 ./src/main.o
 .debug_aranges
                0x0000000000000098       0x28 /Users/g/Dropbox/test/xpresso/lpc800_driver_lib/Debug/liblpc800_driver_lib.a(lpc8xx_clkconfig.o)
 .debug_aranges
                0x00000000000000c0       0xc8 /Users/g/Dropbox/test/xpresso/lpc800_driver_lib/Debug/liblpc800_driver_lib.a(lpc8xx_gpio.o)
 .debug_aranges
                0x0000000000000188       0x30 /Users/g/Dropbox/test/xpresso/lpc800_driver_lib/Debug/liblpc800_driver_lib.a(lpc8xx_mrt.o)
 .debug_aranges
                0x00000000000001b8       0x28 /Users/g/Dropbox/test/xpresso/CMSIS_CORE_LPC8xx/Debug/libCMSIS_CORE_LPC8xx.a(system_LPC8xx.o)

.debug_ranges   0x0000000000000000      0x168
 .debug_ranges  0x0000000000000000       0x50 ./src/cr_startup_lpc8xx.o
 .debug_ranges  0x0000000000000050       0x10 ./src/main.o
 .debug_ranges  0x0000000000000060       0x18 /Users/g/Dropbox/test/xpresso/lpc800_driver_lib/Debug/liblpc800_driver_lib.a(lpc8xx_clkconfig.o)
 .debug_ranges  0x0000000000000078       0xb8 /Users/g/Dropbox/test/xpresso/lpc800_driver_lib/Debug/liblpc800_driver_lib.a(lpc8xx_gpio.o)
 .debug_ranges  0x0000000000000130       0x20 /Users/g/Dropbox/test/xpresso/lpc800_driver_lib/Debug/liblpc800_driver_lib.a(lpc8xx_mrt.o)
 .debug_ranges  0x0000000000000150       0x18 /Users/g/Dropbox/test/xpresso/CMSIS_CORE_LPC8xx/Debug/libCMSIS_CORE_LPC8xx.a(system_LPC8xx.o)

.debug_macro    0x0000000000000000     0x28af
 .debug_macro   0x0000000000000000       0x82 ./src/cr_startup_lpc8xx.o
 .debug_macro   0x0000000000000082      0x826 ./src/cr_startup_lpc8xx.o
 .debug_macro   0x00000000000008a8       0x1c ./src/cr_startup_lpc8xx.o
 .debug_macro   0x00000000000008c4       0x3a ./src/cr_startup_lpc8xx.o
 .debug_macro   0x00000000000008fe       0x10 ./src/cr_startup_lpc8xx.o
 .debug_macro   0x000000000000090e      0x122 ./src/cr_startup_lpc8xx.o
 .debug_macro   0x0000000000000a30      0x5b9 ./src/cr_startup_lpc8xx.o
 .debug_macro   0x0000000000000fe9       0x1f ./src/cr_startup_lpc8xx.o
 .debug_macro   0x0000000000001008      0x242 ./src/cr_startup_lpc8xx.o
 .debug_macro   0x000000000000124a      0x146 ./src/cr_startup_lpc8xx.o
 .debug_macro   0x0000000000001390       0x1a ./src/crp.o
 .debug_macro   0x00000000000013aa      0x820 ./src/crp.o
 .debug_macro   0x0000000000001bca       0x34 ./src/crp.o
 .debug_macro   0x0000000000001bfe       0x91 ./src/main.o
 .debug_macro   0x0000000000001c8f       0x22 ./src/main.o
 .debug_macro   0x0000000000001cb1      0x112 ./src/main.o
 .debug_macro   0x0000000000001dc3       0x2e ./src/main.o
 .debug_macro   0x0000000000001df1       0x7f /Users/g/Dropbox/test/xpresso/lpc800_driver_lib/Debug/liblpc800_driver_lib.a(lpc8xx_clkconfig.o)
 .debug_macro   0x0000000000001e70       0x88 /Users/g/Dropbox/test/xpresso/lpc800_driver_lib/Debug/liblpc800_driver_lib.a(lpc8xx_gpio.o)
 .debug_macro   0x0000000000001ef8       0x16 /Users/g/Dropbox/test/xpresso/lpc800_driver_lib/Debug/liblpc800_driver_lib.a(lpc8xx_gpio.o)
 .debug_macro   0x0000000000001f0e       0x88 /Users/g/Dropbox/test/xpresso/lpc800_driver_lib/Debug/liblpc800_driver_lib.a(lpc8xx_mrt.o)
 .debug_macro   0x0000000000001f96       0xf9 /Users/g/Dropbox/test/xpresso/CMSIS_CORE_LPC8xx/Debug/libCMSIS_CORE_LPC8xx.a(system_LPC8xx.o)
 .debug_macro   0x000000000000208f      0x820 /Users/g/Dropbox/test/xpresso/CMSIS_CORE_LPC8xx/Debug/libCMSIS_CORE_LPC8xx.a(system_LPC8xx.o)

.debug_line     0x0000000000000000      0xe60
 .debug_line    0x0000000000000000      0x1ee ./src/cr_startup_lpc8xx.o
 .debug_line    0x00000000000001ee       0x7f ./src/crp.o
 .debug_line    0x000000000000026d      0x20e ./src/main.o
 .debug_line    0x000000000000047b      0x206 /Users/g/Dropbox/test/xpresso/lpc800_driver_lib/Debug/liblpc800_driver_lib.a(lpc8xx_clkconfig.o)
 .debug_line    0x0000000000000681      0x3d8 /Users/g/Dropbox/test/xpresso/lpc800_driver_lib/Debug/liblpc800_driver_lib.a(lpc8xx_gpio.o)
 .debug_line    0x0000000000000a59      0x22c /Users/g/Dropbox/test/xpresso/lpc800_driver_lib/Debug/liblpc800_driver_lib.a(lpc8xx_mrt.o)
 .debug_line    0x0000000000000c85      0x1db /Users/g/Dropbox/test/xpresso/CMSIS_CORE_LPC8xx/Debug/libCMSIS_CORE_LPC8xx.a(system_LPC8xx.o)

.debug_str      0x0000000000000000     0x6367
 .debug_str     0x0000000000000000     0x51aa ./src/cr_startup_lpc8xx.o
                                       0x5229 (size before relaxing)
 .debug_str     0x00000000000051aa      0x196 ./src/crp.o
                                       0x23be (size before relaxing)
 .debug_str     0x0000000000005340      0x6ad ./src/main.o
                                       0x5740 (size before relaxing)
 .debug_str     0x00000000000059ed       0x65 /Users/g/Dropbox/test/xpresso/lpc800_driver_lib/Debug/liblpc800_driver_lib.a(lpc8xx_clkconfig.o)
                                       0x5352 (size before relaxing)
 .debug_str     0x0000000000005a52      0x599 /Users/g/Dropbox/test/xpresso/lpc800_driver_lib/Debug/liblpc800_driver_lib.a(lpc8xx_gpio.o)
                                       0x5b0e (size before relaxing)
 .debug_str     0x0000000000005feb       0x98 /Users/g/Dropbox/test/xpresso/lpc800_driver_lib/Debug/liblpc800_driver_lib.a(lpc8xx_mrt.o)
                                       0x5650 (size before relaxing)
 .debug_str     0x0000000000006083      0x2e4 /Users/g/Dropbox/test/xpresso/CMSIS_CORE_LPC8xx/Debug/libCMSIS_CORE_LPC8xx.a(system_LPC8xx.o)
                                       0x557c (size before relaxing)

.comment        0x0000000000000000       0x70
 .comment       0x0000000000000000       0x70 ./src/cr_startup_lpc8xx.o
                                         0x71 (size before relaxing)
 .comment       0x0000000000000000       0x71 ./src/crp.o
 .comment       0x0000000000000000       0x71 ./src/main.o
 .comment       0x0000000000000000       0x71 /Users/g/Dropbox/test/xpresso/lpc800_driver_lib/Debug/liblpc800_driver_lib.a(lpc8xx_clkconfig.o)
 .comment       0x0000000000000000       0x71 /Users/g/Dropbox/test/xpresso/lpc800_driver_lib/Debug/liblpc800_driver_lib.a(lpc8xx_gpio.o)
 .comment       0x0000000000000000       0x71 /Users/g/Dropbox/test/xpresso/lpc800_driver_lib/Debug/liblpc800_driver_lib.a(lpc8xx_mrt.o)
 .comment       0x0000000000000000       0x71 /Users/g/Dropbox/test/xpresso/CMSIS_CORE_LPC8xx/Debug/libCMSIS_CORE_LPC8xx.a(system_LPC8xx.o)
 .comment       0x0000000000000000       0x71 /Applications/lpcxpresso_7.2.0_153/lpcxpresso/tools/bin/../lib/gcc/arm-none-eabi/4.8.3/../../../../arm-none-eabi/lib/armv6-m/libcr_c.a(__weak__main.o)

.ARM.attributes
                0x0000000000000000       0x2f
 .ARM.attributes
                0x0000000000000000       0x31 ./src/cr_startup_lpc8xx.o
 .ARM.attributes
                0x0000000000000031       0x31 ./src/crp.o
 .ARM.attributes
                0x0000000000000062       0x31 ./src/main.o
 .ARM.attributes
                0x0000000000000093       0x31 /Users/g/Dropbox/test/xpresso/lpc800_driver_lib/Debug/liblpc800_driver_lib.a(lpc8xx_clkconfig.o)
 .ARM.attributes
                0x00000000000000c4       0x31 /Users/g/Dropbox/test/xpresso/lpc800_driver_lib/Debug/liblpc800_driver_lib.a(lpc8xx_gpio.o)
 .ARM.attributes
                0x00000000000000f5       0x31 /Users/g/Dropbox/test/xpresso/lpc800_driver_lib/Debug/liblpc800_driver_lib.a(lpc8xx_mrt.o)
 .ARM.attributes
                0x0000000000000126       0x31 /Users/g/Dropbox/test/xpresso/CMSIS_CORE_LPC8xx/Debug/libCMSIS_CORE_LPC8xx.a(system_LPC8xx.o)
 .ARM.attributes
                0x0000000000000157       0x31 /Applications/lpcxpresso_7.2.0_153/lpcxpresso/tools/bin/../lib/gcc/arm-none-eabi/4.8.3/../../../../arm-none-eabi/lib/armv6-m/libcr_c.a(__weak__main.o)
 .ARM.attributes
                0x0000000000000188       0x21 /Applications/lpcxpresso_7.2.0_153/lpcxpresso/tools/bin/../lib/gcc/arm-none-eabi/4.8.3/armv6-m/libcr_eabihelpers.a(division_32.o)
 .ARM.attributes
                0x00000000000001a9       0x21 /Applications/lpcxpresso_7.2.0_153/lpcxpresso/tools/bin/../lib/gcc/arm-none-eabi/4.8.3/armv6-m/libcr_eabihelpers.a(division_idiv0.o)

.debug_frame    0x0000000000000000      0x370
 .debug_frame   0x0000000000000000       0xb0 ./src/cr_startup_lpc8xx.o
 .debug_frame   0x00000000000000b0       0x2c ./src/main.o
 .debug_frame   0x00000000000000dc       0x30 /Users/g/Dropbox/test/xpresso/lpc800_driver_lib/Debug/liblpc800_driver_lib.a(lpc8xx_clkconfig.o)
 .debug_frame   0x000000000000010c      0x1e0 /Users/g/Dropbox/test/xpresso/lpc800_driver_lib/Debug/liblpc800_driver_lib.a(lpc8xx_gpio.o)
 .debug_frame   0x00000000000002ec       0x48 /Users/g/Dropbox/test/xpresso/lpc800_driver_lib/Debug/liblpc800_driver_lib.a(lpc8xx_mrt.o)
 .debug_frame   0x0000000000000334       0x3c /Users/g/Dropbox/test/xpresso/CMSIS_CORE_LPC8xx/Debug/libCMSIS_CORE_LPC8xx.a(system_LPC8xx.o)
